[2019/11/11 10:52:08 CST] [Test] [INFO] (main.main:21) category Test info test ...
[2019/11/11 10:52:08 CST] [Test] [INFO] (main.main:22) category Test info test message: new test msg
[2019/11/11 10:52:08 CST] [Test] [DEBG] (main.main:23) category Test debug test ...
[2019/11/11 10:52:08 CST] [DEFAULT] [INFO] (main.main:32) nomal info test ...
[2019/11/11 10:52:08 CST] [DEFAULT] [DEBG] (main.main:33) nomal debug test ...
